
> cookgenie@0.1.0 build
> next build --webpack

⚠ Warning: Next.js inferred your workspace root, but it may not be correct.
 We detected multiple lockfiles and selected the directory of c:\AI\package-lock.json as the root directory.
 To silence this warning, set `outputFileTracingRoot` in your Next.js config, or consider removing one of the lockfiles if it's not needed.
   See https://nextjs.org/docs/app/api-reference/config/next-config-js/output#caveats for more information.
 Detected additional lockfiles: 
   * c:\AI\CookGenie\package-lock.json

▲ Next.js 16.2.1 (webpack)
- Environments: .env.local

  Creating an optimized production build ...
✓ (serwist) Bundling the service worker script with the URL '/sw.js' and the scope '/'...
✓ Compiled successfully in 13.2s
  Running TypeScript ...
  Finished TypeScript in 8.6s ...
  Collecting page data using 11 workers ...
  Generating static pages using 11 workers (0/26) ...
  Generating static pages using 11 workers (6/26) 
  Generating static pages using 11 workers (12/26) 
  Generating static pages using 11 workers (19/26) 
✓ Generating static pages using 11 workers (26/26) in 731ms
  Finalizing page optimization ...
  Collecting build traces ...

Route (app)
┌ ○ /
├ ○ /_not-found
├ ƒ /api/analytics
├ ƒ /api/ask
├ ƒ /api/feedback
├ ƒ /api/modify
├ ƒ /api/my-recipes
├ ƒ /api/preferences
├ ƒ /api/recipe-edit
├ ƒ /api/recipes
├ ƒ /api/recipes/[slug]
├ ƒ /api/recipes/discover
├ ƒ /api/recipes/discover/expand
├ ƒ /api/recipes/generate-image
├ ƒ /api/recipes/import
├ ƒ /api/recipes/search
├ ƒ /api/saved
├ ƒ /api/session
├ ƒ /api/sessions/active
├ ƒ /api/sessions/history
├ ƒ /api/substitution
├ ƒ /api/variants
├ ○ /ask
├ ƒ /cook/[id]
├ ○ /profile
├ ƒ /recipe/[id]
├ ○ /saved
└ ○ /search


○  (Static)   prerendered as static content
ƒ  (Dynamic)  server-rendered on demand

